# Adobe — домены
# generated by cmd/geo-gen on 2026-09-06 — 200 entries — do not edit by hand
# source: Geo-Aggregator: adobe

10xfotolia.com
2o7.net
3dns-1.adobe.com
3dns-2.adobe.com
3dns-3.adobe.com
3dns-4.adobe.com
3dns-5.adobe.com
3dns.adobe.com
acrobat.com
activate-sea.adobe.com
activate-sjc0.adobe.com
activate.adobe.com
adbecrsl.com
adobe-aemassets-value.com
adobe-audience-finder.com
adobe-dns-1.adobe.com
adobe-dns-2.adobe.com
adobe-dns-3.adobe.com
adobe-dns-4.adobe.com
adobe-dns.adobe.com
adobe-video-partner-finder.com
adobe.com
adobe.io
adobe.ly
adobeaemcloud.com
adobeaemcloud.net
adobeawards.com
adobecc.com
adobecce.com
adobeccstatic.com
adobecontent.io
adobecreativityawards.com
adobedc.net
adobedemo.com
adobedtm.com
adobeereg.com
adobeexchange.com
adobeexperienceawards.com
adobegov.com
adobehiddentreasures.com
adobejanus.com
adobeku.com
adobelanding.com
adobelogin.com
adobeoobe.com
adobeplatinumclub.com
adobeprojectm.com
adobesc.com
adobesign.com
adobesigncdn.com
adobespark.com
adobess.com
adobestats.io
adobestock.com
adobetag.com
adobetarget.com
adobetcstrialdvd.com
adobetechcomm.com
adobetechcommcallback.com
adobetechcommdemo.com
adobexdplatform.com
advertising.adobe.com
assetsadobe.com
authorxml.com
behance.net
bluefootcms.com
businesscatalyst.com
ccnsite.com
ccpsx.com
compresspdf.new
cotolia.com
creativecloud.com
creativesdk.com
crl.versign.net
demdex.net
developria.com
dollarfotoclub.com
dollarphotoclub.com
dollarphotosclub.com
douwriteright.com
echocdn.com
echosign.com
edgefonts.net
enablementadobe.com
ereg.adobe.com
ffotolia.com
fiotolia.com
foftolia.com
fonolia.com
fotiolia.com
fotoiia.com
fotolia-noticias.com
fotolia.cc
fotolia.com
fotolia.tv
fotolja.com
fptolia.com
ftcdn.net
gfotolia.com
gostorego.com
hl2rcv.adobe.com
imagineecommerce.com
macromedia.com
mageconf.com
mageconf.com.ua
magento.com
magento.net
magentocommerce.com
magentoliveconference.com
magentomobile.com
marketing-cloud.com
marketing-nirvana.com
marketo.co.uk
marketo.com
marketo.net
marketo.tv
marketodesigner.com
marketolive.com
mktdns.com
mkto-c0100.com
mktorest.com
mktroute.com
mobilemarketo.com
motolia.com
omniture.com
omtrdc.net
ood.opsource.net
pdf.new
photolia.net
photoshop.com
placesdocs.com
practivate.adobe.com
revenue-performance-management.com
s2stagehance.com
scene7.com
sign.new
sundanceignite2016.com
tenbyfotolia.com
toutapp.com
tubemogul.com
typekit.com
typekit.net
votolia.com
wip.adobe.com
wip1.adobe.com
wip2.adobe.com
wip3.adobe.com
wip4.adobe.com
worldsecureemail.com
worldsecuresystems.com
wwis-dubc1-vip30.adobe.com
wwis-dubc1-vip31.adobe.com
wwis-dubc1-vip32.adobe.com
wwis-dubc1-vip33.adobe.com
wwis-dubc1-vip34.adobe.com
wwis-dubc1-vip35.adobe.com
wwis-dubc1-vip36.adobe.com
wwis-dubc1-vip37.adobe.com
wwis-dubc1-vip38.adobe.com
wwis-dubc1-vip39.adobe.com
wwis-dubc1-vip40.adobe.com
wwis-dubc1-vip41.adobe.com
wwis-dubc1-vip42.adobe.com
wwis-dubc1-vip43.adobe.com
wwis-dubc1-vip44.adobe.com
wwis-dubc1-vip45.adobe.com
wwis-dubc1-vip46.adobe.com
wwis-dubc1-vip47.adobe.com
wwis-dubc1-vip48.adobe.com
wwis-dubc1-vip49.adobe.com
wwis-dubc1-vip50.adobe.com
wwis-dubc1-vip51.adobe.com
wwis-dubc1-vip52.adobe.com
wwis-dubc1-vip53.adobe.com
wwis-dubc1-vip54.adobe.com
wwis-dubc1-vip55.adobe.com
wwis-dubc1-vip56.adobe.com
wwis-dubc1-vip57.adobe.com
wwis-dubc1-vip58.adobe.com
wwis-dubc1-vip59.adobe.com
wwis-dubc1-vip60.adobe.com
wwis-dubc1-vip61.adobe.com
wwis-dubc1-vip62.adobe.com
wwis-dubc1-vip63.adobe.com
wwis-dubc1-vip64.adobe.com
wwis-dubc1-vip65.adobe.com
wwis-dubc1-vip66.adobe.com
wwis-dubc1-vip67.adobe.com
wwis-dubc1-vip68.adobe.com
wwis-dubc1-vip69.adobe.com
wwis-dubc1-vip70.adobe.com
wwis-dubc1-vip71.adobe.com
wwis-dubc1-vip72.adobe.com
wwis-dubc1-vip73.adobe.com
wwis-dubc1-vip74.adobe.com
wwis-dubc1-vip75.adobe.com
wwis-dubc1-vip76.adobe.com
wwis-dubc1-vip77.adobe.com
wwis-dubc1-vip78.adobe.com
wwis-dubc1-vip79.adobe.com
