# Blizzard — домены
# generated by cmd/geo-gen on 2026-09-06 — 25 entries — do not edit by hand
# source: Geo-Aggregator: blizzard

battle.net
blizzard.com
blizzard.nefficient.co.kr
blizzardgearstore.com
blizzcon-a.akamaihd.net
blz-contentstack.com
blzddist1-a.akamaihd.net
blzddistkr1-a.akamaihd.net
blzmedia-a.akamaihd.net
blznav.akamaized.net
bnetcmsus-a.akamaihd.net
bnetproduct-a.akamaihd.net
bnetshopus.akamaized.net
diablo.com
diablo3.com
diablo4.com
diabloimmortal.com
firesidegatherings.com
heroesofthestorm.com
playhearthstone.com
playoverwatch.com
playwarcraft3.com
starcraft.com
starcraft2.com
worldofwarcraft.com
