# Cloudflare — домены
# generated by cmd/geo-gen on 2026-09-06 — 73 entries — do not edit by hand
# source: Geo-Aggregator: cloudflare

argotunnel.com
browser.run
cf-china.info
cf-ipfs.com
cf-ns.com
cf-ns.net
cf-ns.site
cf-ns.tech
cfargotunnel.com
cfdata.org
cfl.re
cftest7.com
cftest8.com
cloudflare-cn.com
cloudflare-dns.com
cloudflare-ech.com
cloudflare-esni.com
cloudflare-gateway.com
cloudflare-ipfs.com
cloudflare-quic.com
cloudflare-terms-of-service-abuse.com
cloudflare.app
cloudflare.com
cloudflare.dev
cloudflare.net
cloudflare.pay
cloudflare.tv
cloudflareaccess.com
cloudflareanycast.net
cloudflareapps.com
cloudflarebolt.com
cloudflarebrowser.com
cloudflarechallenge.com
cloudflareclient.com
cloudflarecn.net
cloudflarecp.com
cloudflareglobal.net
cloudflareinsights-cn.com
cloudflareinsights.com
cloudflareok.com
cloudflarepartners.com
cloudflareperf.com
cloudflareportal.com
cloudflarepreview.com
cloudflareprod.com
cloudflareregistrar.com
cloudflareresearch.com
cloudflareresolve.com
cloudflaressl.com
cloudflarestaging.com
cloudflarestatus.com
cloudflarestorage.com
cloudflarestoragegw.com
cloudflarestream.com
cloudflaresupport.com
cloudflaretest.com
cloudflarewarp.com
cloudflareworkers.com
encryptedsni.com
every1dns.net
foundationdns.com
foundationdns.net
foundationdns.org
imagedelivery.net
isbgpsafeyet.com
one.one.one
pacloudflare.com
pages.dev
r2.dev
trycloudflare.com
videodelivery.net
warp.plus
workers.dev
