# Discord — домены
# generated by cmd/geo-gen on 2026-09-06 — 28 entries — do not edit by hand
# source: Geo-Aggregator: discord

airhorn.solutions
airhornbot.com
bigbeans.solutions
dis.gd
discord-activities.com
discord-attachments-uploads-prd.storage.googleapis.com
discord.co
discord.com
discord.design
discord.dev
discord.gg
discord.gift
discord.gifts
discord.media
discord.new
discord.store
discord.tools
discordactivities.com
discordapp.com
discordapp.io
discordapp.net
discordcdn.com
discordmerch.com
discordpartygames.com
discordsays.com
discordstatus.com
hammerandchisel.ssl.zendesk.com
watchanimeattheoffice.com
