# Google — домены
# generated by cmd/geo-gen on 2026-09-06 — 200 entries — do not edit by hand
# source: Geo-Aggregator: google

0emm.com
1e100.net
1ucrs.com
265.com
2mdn.net
466453.com
admeld.com
admob.com
ai.studio
api.ai
apigee.com
apture.com
asp-cc.com
bdn.dev
blink.org
brotli.org
bumptop.ca
chrome.com
coova.com
coova.net
coova.org
crr.com
cs4hs.com
dart.dev
debug.com
deps.dev
deps.info
docs.new
fflick.com
fitbit.com
foofle.com
g-tun.com
g.co
g.dev
g.page
gcr.io
get.app
get.dev
get.how
get.new
get.page
get.rsvp
ggpht.com
gmail.com
go.dev
godoc.org
gogle.com
gogole.com
golang.com
golang.net
golang.org
goo.gl
googel.com
googil.com
googl.com
google.ad
google.ae
google.al
google.am
google.as
google.at
google.az
google.ba
google.be
google.bf
google.bg
google.bi
google.bj
google.bs
google.bt
google.by
google.ca
google.cd
google.cf
google.cg
google.ch
google.ci
google.cl
google.cm
google.co
google.cv
google.cz
google.de
google.dj
google.dk
google.dm
google.dz
google.ee
google.es
google.fi
google.fm
google.fr
google.ga
google.ge
google.gg
google.gl
google.gm
google.gr
google.gy
google.hn
google.hr
google.ht
google.hu
google.ie
google.im
google.iq
google.is
google.it
google.je
google.jo
google.kg
google.ki
google.kz
google.la
google.li
google.lk
google.lt
google.lu
google.lv
google.md
google.me
google.mg
google.mk
google.ml
google.mn
google.ms
google.mu
google.mv
google.mw
google.ne
google.nl
google.no
google.nr
google.nu
google.pl
google.pn
google.ps
google.pt
google.ro
google.rs
google.ru
google.rw
google.sc
google.se
google.sh
google.si
google.sk
google.sm
google.sn
google.so
google.sr
google.st
google.td
google.tg
google.tl
google.tm
google.tn
google.to
google.tt
google.vg
google.vu
google.ws
gsrc.io
gvt0.com
gvt1.com
gvt2.com
gvt3.com
gvt5.com
gvt6.com
gvt7.com
gvt9.com
hey.boo
hwgo.com
iam.soy
idx.dev
kaggle.io
like.com
meet.new
near.by
nest.com
new.day
on.here
on2.com
page.link
pub.dev
run.app
tenor.com
tfhub.dev
txvia.com
v8.dev
waze.com
web.app
web.dev
whats.new
x.company
x.team
xplr.co
youtu.be
yt.be
ytimg.com
