# Stack Overflow — домены
# generated by cmd/geo-gen on 2026-09-06 — 25 entries — do not edit by hand
# source: Geo-Aggregator: stackexchange

askubuntu.com
blogoverflow.com
codeforaliving.io
mathoverflow.net
serverfault.com
sstatic.net
stackapps.com
stackauth.com
stackexchange.com
stackmod.blog
stackoverflow.blog
stackoverflow.co
stackoverflow.com
stackoverflow.email
stackoverflow.help
stackoverflow.net
stackoverflowbusiness.com
stackoverflowcareers.com
stackoverflowjobs.com
stackoverflowsolutions.com
stackoverflowteams.com
stacksnippets.net
superuser.com
tex-talk.net
thesffblog.com
