# Apple — домены
# generated by cmd/geo-gen on 2026-09-10 — 200 entries — do not edit by hand
# source: Geo-Aggregator: apple

5lml.com
a0pple.net
aanaan.com
airmay.com
airport.eu
ajtalk.com
ap0le.com
aple.com
apole.com
app0le.com
appl-e.com
appl.com
appl4e.com
appla.com
apple.ae
apple.at
apple.be
apple.bg
apple.bs
apple.ca
apple.ch
apple.cl
apple.cm
apple.co
apple.com
apple.cz
apple.de
apple.dk
apple.ee
apple.es
apple.eu
apple.fi
apple.fr
apple.hn
apple.hr
apple.hu
apple.ie
apple.in
apple.is
apple.it
apple.jo
apple.jp
apple.kr
apple.lk
apple.lt
apple.lv
apple.me
apple.my
apple.net
apple.news
apple.nl
apple.no
apple.pk
apple.pl
apple.pt
apple.ro
apple.rs
apple.ru
apple.sa
apple.se
apple.sg
apple.si
apple.sk
apple.so
apple.tt
apple.uk
apple.us
apple.xyz
appleos.tv
appletv.fr
applf.com
applfe.com
applle.com
applw.com
appsto.re
appule.com
appye.com
apyle.com
asto.re
beatbd.com
beats1.cc
beats1.tv
beats4.net
beddit.tv
biitii.com
bossae.com
carbon.com
chomp.com
cmhalq.com
coreml.net
cups.org
dot-mac.de
dotmac.de
dtsell.com
earpod.net
ecgapp.net
emac.in
emagic.de
eworld.com
hopstop.tv
hrsaz.com
i-book.com
i-book.net
ibook.com
ibook.eu
ibook.net
icloud.ch
icloud.com
icloud.de
icloud.ee
icloud.fi
icloud.fr
icloud.hu
icloud.ie
icloud.is
icloud.jp
icloud.lv
icloud.om
icloud.org
icloud.pt
icloud.ro
icloud.se
icloud.si
icloud.sk
icloud.vn
icloudo.de
idvd.eu
ikids.com
ilife.eu
ilife.gr
ilife.wang
imac.co
imac.com
imac.eu
imac.gr
imac.one
imac.rs
imovie.eu
ipad.de
ipad.host
ipad.wang
ipad3.com
ipadair.cl
ipadair.cm
ipadair.fr
ipadair.ie
ipadair.jp
iphine.com
iphone.cm
iphone.com
iphone.es
iphone.pt
iphone.rs
iphone.ru
iphoto.eu
iphoto.no
iphoto.se
ipod.ca
ipod.ch
ipod.cm
ipod.co
ipod.com
ipod.de
ipod.es
ipod.eu
ipod.fr
ipod.gr
ipod.is
ipod.net
ipod.no
ipod.pk
ipod.rs
ipod.ru
ipodrip.ca
ipods.com
ipple.com
itun.es
itunes.ca
itunes.co
itunes.com
itunes.mx
itunes.org
itunes.rio
itunes.us
iwork.com
iwork.se
iwork.wang
mac.com
mac.eu
mac.rs
mac.wang
me.com
next.com
qwapi.com
rbsgr.com
siri.com
swift.org
ubnw.net
v-has.com
wasdj.com
