# Epic Games — домены
# generated by cmd/geo-gen on 2026-09-06 — 32 entries — do not edit by hand
# source: Geo-Aggregator: epicgames

3lateral.com
akamaized.net
artstation.com
artstationmedia.com
battlebreakers.com
capturingreality.com
cubicmotion.com
eac-cdn.com
easy.ac
easyanticheat.net
egdownload.fastly-edge.com
epicgames.com
epicgames.dev
epicgamescdn.com
fab.com
file.myqcloud.com
fortnite-vod.akamaized.net
fortnite.com
hyprsense.com
paragon.com
playparagon.com
quixel.com
quixel.se
radgametools.com
realityscan.com
roborecall.com
shadowcomplex.com
sketchfab.com
spyjinx.com
twinmotion.com
unrealengine.com
unrealtournament.com
