# Facebook — домены
# generated by cmd/geo-gen on 2026-09-06 — 200 entries — do not edit by hand
# source: Geo-Aggregator: facebook

acebooik.com
acebook.com
atdmt2.com
atlasdmt.com
click-url.com
dacebook.com
dlfacebook.com
faacebok.com
faacebook.com
faasbook.com
facbebook.com
facbeok.com
facboo.com
facbook.com
facbool.com
facboox.com
faccebook.com
faccebookk.com
facdbook.com
facdebook.com
face-book.com
faceabook.com
facebboc.com
facebbook.com
facebboook.com
facebcook.com
facebdok.com
facebgook.com
facebhook.com
facebkkk.com
facebo-ok.com
faceboak.com
facebock.com
facebocke.com
facebof.com
faceboik.com
facebok.com
facebokc.com
facebokk.com
facebokok.com
faceboks.com
facebol.com
facebolk.com
facebomok.com
faceboo.com
facebooa.com
faceboob.com
faceboobok.com
facebooc.com
faceboock.com
facebood.com
facebooe.com
faceboof.com
facebooi.com
facebooik.com
facebooik.org
facebooj.com
facebook.br
facebook.ca
facebook.cc
facebook.com
facebook.hu
facebook.in
facebook.net
facebook.nl
facebook.org
facebook.se
facebook.shop
facebook.tv
facebook.us
facebook.wang
facebook30.com
facebook30.net
facebook30.org
facebooki.com
facebooks.com
facebookw.com
facebool.com
facebool.info
facebooll.com
faceboom.com
faceboon.com
faceboonk.com
faceboook.com
faceboop.com
faceboot.com
faceboox.com
facebopk.com
facebpook.com
facebuk.com
facebuok.com
facebvook.com
facebyook.com
facebzook.com
facecbook.com
facecbook.org
facecook.com
facecook.org
facedbook.com
faceebok.com
faceebook.com
faceebot.com
facegbok.com
facegbook.com
faceobk.com
faceobok.com
faceobook.com
faceook.com
facerbook.com
facesbooc.com
facetook.com
facevbook.com
facewbook.co
facewook.com
facfebook.com
fackebook.com
facnbook.com
facrbook.com
facvebook.com
facwebook.com
facxebook.com
fadebook.com
faebok.com
faebook.com
faebookc.com
faeboook.com
faecebok.com
faesebook.com
faicbooc.com
fasebokk.com
fasebook.com
faseboox.com
favebook.com
faycbok.com
fb.careers
fb.com
fb.gg
fb.me
fb.watch
fbacebook.com
fbbmarket.com
fbcdn.com
fbcdn.net
fbhome.com
fbidb.io
fbinc.com
fbreg.com
fbrpms.com
fbsbx.com
fbsbx.net
fburl.com
fbwat.ch
fcacebook.com
fcaebook.com
fcebook.com
fcebookk.com
feacboo.com
feacbook.com
feacbooke.com
feacebook.com
fecbbok.com
fecbooc.com
fecbook.com
feceboock.com
fecebook.net
feceboox.com
fececbook.com
feook.com
ferabook.com
fescebook.com
fesebook.com
ffacebook.com
fgacebook.com
ficeboock.com
fmcebook.com
fnacebook.com
fosebook.com
fpacebook.com
fqcebook.com
fracebook.com
freeb.com
freebs.com
friendfed.com
fsacebok.com
fscebook.com
gacebook.com
gameroom.com
groups.com
i.org
internet.org
klik.me
liverail.com
liverail.tv
myfbfans.com
newsfeed.com
nextstop.com
redkix.com
thefind.com
workplace.com
worldhack.com
