# Netflix — домены
# generated by cmd/geo-gen on 2026-09-06 — 25 entries — do not edit by hand
# source: Geo-Aggregator: netflix

amazonaws.com
fast.com
netflix.ca
netflix.com
netflix.com.edgesuite.net
netflix.net
netflixdnstest0.com
netflixdnstest1.com
netflixdnstest10.com
netflixdnstest2.com
netflixdnstest3.com
netflixdnstest4.com
netflixdnstest5.com
netflixdnstest6.com
netflixdnstest7.com
netflixdnstest8.com
netflixdnstest9.com
netflixinvestor.com
netflixtechblog.com
nflxext.com
nflximg.com
nflximg.net
nflxsearch.net
nflxso.net
nflxvideo.net
