# PayPal — домены
# generated by cmd/geo-gen on 2026-09-06 — 200 entries — do not edit by hand
# source: Geo-Aggregator: paypal

account-paypal.info
account-paypal.net
account-paypal.org
accountpaypal.com
accountpaypal.net
accountpaypal.org
anfutong.com
beibao.com
bill-safe.com
billmelater.com
billmelater.info
billmelater.net
bml.info
braintreegateway.com
braintreegateway.tv
braintreepayments.tv
braintreeps.com
briantreepayments.tv
buyfast-paysmart.net
card.io
cash2.com
cashify.com
cashify.net
devtools-paypal.com
filipino-music.net
fundpaypal.com
getbraintree.com
gmoney.org
i-o-u.info
krakenjs.com
loanbuilder.com
login-paypal.com
login-paypal.info
mywaytopay.info
mywaytopay.net
pa9pal.com
paaypal.com
paily.net
paily.org
paipal.com
pavpal.com
paydiant.com
paylike.com
paypa1.com
paypa1.org
paypaal.com
paypal-activate.com
paypal-activate.info
paypal-activate.org
paypal-apac.com
paypal-apps.com
paypal-biz.com
paypal-business.com
paypal-business.net
paypal-business.org
paypal-cardcash.com
paypal-cash.com
paypal-center.com
paypal-center.info
paypal-center.net
paypal-center.org
paypal-community.com
paypal-community.net
paypal-comunidad.com
paypal-corp.com
paypal-database.com
paypal-database.us
paypal-donations.com
paypal-dynamic.com
paypal-europe.com
paypal-exchanges.com
paypal-forward.com
paypal-galactic.com
paypal-gift.com
paypal-gifts.com
paypal-gpplus.com
paypal-here.com
paypal-hrsystem.com
paypal-japan.com
paypal-knowledge.com
paypal-labs.com
paypal-latam.com
paypal-learning.com
paypal-login.com
paypal-login.info
paypal-login.org
paypal-login.us
paypal-luxury.com
paypal-marketing.com
paypal-media.com
paypal-network.org
paypal-notice.com
paypal-notify.com
paypal-online.info
paypal-online.net
paypal-online.org
paypal-optimizer.com
paypal-pages.com
paypal-plaza.com
paypal-portal.com
paypal-prepaid.com
paypal-profile.com
paypal-proserv.com
paypal-redeem.com
paypal-referral.com
paypal-retail.com
paypal-scoop.com
paypal-search.com
paypal-secure.net
paypal-secure.org
paypal-security.net
paypal-security.org
paypal-service.org
paypal-signin.com
paypal-signin.us
paypal-special.com
paypal-sptam.com
paypal-status.com
paypal-support.com
paypal-survey.com
paypal-survey.org
paypal-team.com
paypal.ca
paypal.com
paypal.info
paypal.jp
paypal.me
paypal.so
paypal.us
paypalbeacon.com
paypalbenefits.com
paypalbrasil.com
paypalcommunity.com
paypalcommunity.net
paypalcommunity.org
paypalcorp.com
paypalcredit.com
paypalhere.com
paypalhere.info
paypalhere.net
paypalhere.org
paypalhere.tv
paypali.net
paypalinc.com
paypalindia.com
paypall.com
paypallabs.com
paypalme.com
paypalnet.net
paypalnet.org
paypalnetwork.info
paypalnetwork.net
paypalnetwork.org
paypalobjects.com
paypalonline.net
paypalonline.org
paypalprepagata.com
paypalprepagata.net
paypalservice.com
paypalshopping.com
paypalshopping.net
paypalsurvey.com
paypalx.com
paypaly.com
payppal.com
payypal.com
pdncommunity.com
pp-soc.com
ppaypal.com
pppds.com
pypl.com
pypl.info
pypl.net
pypl.tv
s-xoom.com
secure-paypal.info
securepaypal.info
simility.com
sslpaypal.org
swiftbank.info
swiftbank.us
swiftcapital.com
swiftfinancial.com
swiftfinancial.info
swiftfinancial.net
thepaypalshop.com
venmo-touch.com
venmo.com
venmo.info
venmo.net
venmo.org
webmoneyinfo.com
www-paypal.info
www-paypal.us
wwwxoom.com
xoom-experience.com
xoom.com
xoom.io
xoom.us
xoomcom.com
